// Jest Snapshot v1, https://goo.gl/fbAQLP

exports[`<FormProfile /> should render the profile form 1`] = `
.c6 {
  border: none;
  cursor: pointer;
  -webkit-text-decoration: none;
  text-decoration: none;
  color: #FAFAFA;
  padding: 0.8rem;
  border-radius: 0.4rem;
  background: linear-gradient(180deg,#ff605f 0%,#f062c0 50%);
  display: -webkit-inline-box;
  display: -webkit-inline-flex;
  display: -ms-inline-flexbox;
  display: inline-flex;
  -webkit-align-items: center;
  -webkit-box-align: center;
  -ms-flex-align: center;
  align-items: center;
  -webkit-box-pack: center;
  -webkit-justify-content: center;
  -ms-flex-pack: center;
  justify-content: center;
  height: 4rem;
  font-size: 1.4rem;
  padding: 0.8rem 3.2rem;
  background: none;
  color: #F231A5;
}

.c6:hover {
  background: none;
}

.c6:hover {
  color: #e20e8d;
}

.c7 {
  border: none;
  cursor: pointer;
  -webkit-text-decoration: none;
  text-decoration: none;
  color: #FAFAFA;
  padding: 0.8rem;
  border-radius: 0.4rem;
  background: linear-gradient(180deg,#ff605f 0%,#f062c0 50%);
  display: -webkit-inline-box;
  display: -webkit-inline-flex;
  display: -ms-inline-flexbox;
  display: inline-flex;
  -webkit-align-items: center;
  -webkit-box-align: center;
  -ms-flex-align: center;
  align-items: center;
  -webkit-box-pack: center;
  -webkit-justify-content: center;
  -ms-flex-pack: center;
  justify-content: center;
  height: 5rem;
  font-size: 1.6rem;
  padding: 0.8rem 4.8rem;
}

.c7:hover {
  background: linear-gradient(180deg,#e35565 0%,#d958a6 50%);
}

.c0 {
  color: #030517;
  position: relative;
  margin-bottom: 3.2rem;
  font-size: 1.6rem;
}

.c0::after {
  content: '';
  left: 0;
  bottom: -1rem;
  width: 5rem;
  position: absolute;
  border-bottom: 0.5rem solid #F231A5;
}

.c0::after {
  width: 3rem;
}

.c2 {
  font-size: 1.4rem;
  color: #030517;
  cursor: pointer;
}

.c3 {
  display: -webkit-box;
  display: -webkit-flex;
  display: -ms-flexbox;
  display: flex;
  border-radius: 0.2rem;
  background: #EAEAEA;
  padding: 0 1.6rem;
  border: 0.2rem solid;
  border-color: #EAEAEA;
}

.c3:focus-within {
  box-shadow: 0 0 0.5rem #F231A5;
}

.c4 {
  color: #030517;
  font-family: Poppins,-apple-system,BlinkMacSystemFont,'Segoe UI',Roboto,Oxygen,Ubuntu,Cantarell,'Open Sans','Helvetica Neue',sans-serif;
  font-size: 1.6rem;
  padding: 0.8rem;
  padding-left: 1.6rem;
  background: transparent;
  border: 0;
  outline: none;
  width: 100%;
}

.c4:-webkit-autofill {
  -webkit-box-shadow: 0 0 0 2.4rem #EAEAEA inset;
  -webkit-filter: none;
  filter: none;
}

.c1 {
  max-width: 100%;
  display: grid;
  gap: 1.6rem;
}

.c1 > button {
  margin-top: 5.6rem;
}

.c5 {
  display: -webkit-box;
  display: -webkit-flex;
  display: -ms-flexbox;
  display: flex;
  -webkit-align-items: center;
  -webkit-box-align: center;
  -ms-flex-align: center;
  align-items: center;
  -webkit-box-pack: end;
  -webkit-justify-content: flex-end;
  -ms-flex-pack: end;
  justify-content: flex-end;
}

@media (min-width:768px) {
  .c1 {
    gap: 3.2rem;
    grid-template-columns: 1fr 1fr;
  }

  .c1 > button {
    grid-column: 2;
    justify-self: end;
    margin-top: 0;
  }
}

@media (min-width:768px) {
  .c5 {
    grid-column: 2;
  }
}

<main
  class=""
>
  <h2
    class="c0"
    color="black"
  >
    My profile
  </h2>
  <form
    class="c1"
  >
    <div
      class=""
    >
      <label
        class="c2"
        for="username"
      >
        Username
      </label>
      <div
        class="c3"
      >
        <input
          class="c4"
          id="username"
          name="username"
          placeholder="Username"
          type="text"
          value=""
        />
      </div>
    </div>
    <div
      class=""
      disabled=""
    >
      <label
        class="c2"
        for="email"
      >
        E-mail
      </label>
      <div
        class="c3"
      >
        <input
          class="c4"
          disabled=""
          id="email"
          name="email"
          placeholder="E-mail"
          type="email"
          value=""
        />
      </div>
    </div>
    <div
      class="c5"
    >
      <a
        class="c6"
        href="/forgot-password?email=undefined"
      >
        <span>
          Reset Password
        </span>
      </a>
      <button
        class="c7"
      >
        <span>
          Save
        </span>
      </button>
    </div>
  </form>
</main>
`
