// Jest Snapshot v1, https://goo.gl/fbAQLP

exports[`<GameItem /> should render the item 1`] = `
.c0 {
  padding: 2.4rem;
  border-bottom: 0.1rem solid #EAEAEA;
}

.c1 {
  display: -webkit-box;
  display: -webkit-flex;
  display: -ms-flexbox;
  display: flex;
}

.c2 {
  -webkit-flex-shrink: 0;
  -ms-flex-negative: 0;
  flex-shrink: 0;
  margin-right: 1.2rem;
  width: 9.6rem;
  height: 5.6rem;
}

.c2 img {
  width: 100%;
  height: 100%;
  object-fit: cover;
}

.c3 {
  display: -webkit-box;
  display: -webkit-flex;
  display: -ms-flexbox;
  display: flex;
  -webkit-flex-direction: column;
  -ms-flex-direction: column;
  flex-direction: column;
  -webkit-align-items: flex-start;
  -webkit-box-align: flex-start;
  -ms-flex-align: flex-start;
  align-items: flex-start;
}

.c4 {
  color: #030517;
  font-weight: 600;
  font-size: 1.4rem;
  line-height: 1.4rem;
  margin-bottom: 0.8rem;
}

.c5 {
  color: #FAFAFA;
  font-weight: 600;
  padding: 0.2rem 0.8rem;
  font-size: 1.4rem;
  border-radius: 0.4rem;
  background-color: #3CD3C1;
}

@media (min-width:768px) {
  .c0 {
    display: -webkit-box;
    display: -webkit-flex;
    display: -ms-flexbox;
    display: flex;
  }
}

@media (min-width:768px) {
  .c2 {
    width: 15rem;
    height: 7rem;
    margin-right: 1.6rem;
  }
}

@media (min-width:768px) {
  .c4 {
    font-size: 2rem;
    line-height: 2rem;
  }
}

<div
  class="c0"
>
  <div
    class="c1"
  >
    <div
      class="c2"
    >
      <img
        alt="Red Dead Redemption 2"
        src="https://images.hdqwalls.com/download/cyberpunk-biker-gang-4k-cf-1360x768.jpg"
      />
    </div>
    <div
      class="c3"
    >
      <h3
        class="c4"
      >
        Red Dead Redemption 2
      </h3>
      <p
        class="c5"
      >
        R$ 215,00
      </p>
    </div>
  </div>
</div>
`
