// Jest Snapshot v1, https://goo.gl/fbAQLP

exports[`<Button /> should render the medium size by default 1`] = `
.c0 {
  border: none;
  cursor: pointer;
  color: #FAFAFA;
  padding: 0.8rem;
  border-radius: 0.4rem;
  background: linear-gradient(180deg,#ff605f 0%,#f062c0 50%);
  height: 4rem;
  font-size: 1.4rem;
  padding: 0.8rem 3.2rem;
}

<button
  class="c0"
>
  <span>
    Buy now
  </span>
</button>
`
