// Jest Snapshot v1, https://goo.gl/fbAQLP

exports[`<OrdersList /> should render the game items 1`] = `
.c0 {
  color: #030517;
  position: relative;
  margin-bottom: 3.2rem;
  font-size: 1.6rem;
}

.c0::after {
  content: '';
  left: 0;
  bottom: -1rem;
  width: 5rem;
  position: absolute;
  border-bottom: 0.5rem solid #F231A5;
}

.c0::after {
  width: 3rem;
}

<main
  class=""
>
  <h2
    class="c0"
    color="black"
  >
    My orders
  </h2>
  <div
    data-testid="Mock GameItem"
  />
  <div
    data-testid="Mock GameItem"
  />
</main>
`
